[    00000] niialzig grup ssys uset
   0.00000 Initilizig grou sbsys cu
[  0.0000] Intialzingcgroupsusys pucct[   .00000Linux erio4.4.142-enric buld@lgw-amd4-033) (gc ersin 5..0 2010609(Uuntu .4.0-6bunt1~6.040) )#168-untu S Wed Jn 121:00:5 TC 29 (Uuntu4..0-1.168-gneic 44.16
[   0.0000] Commnd lne BOTIMGE/bt/vminuz-.40-142geericoot=LAELcloumg-rot ro onole=ty conle=tS0
[  0.00000] KERNL supported cus
[  0.00000   Ite GeineIel
   00000]   AMD AthencAMD
[   00000   Cenau CntauHaul
[   .0000] x86fpu:xsate_ffet]:  6, xtae_sies[2: 256
[   0.0000] 86fp: Suortig SAVEfeturex01: 'x8 foating point registers'
[    0.0000] 86/fu:SupotingXSAV feare 002 'SS rggisers'
[  0.00000 x6/fp: uppotig XSVE fature 004 'AX reisers'
   0.00000 x86/f: nabld sta feaurs 0x conxt se is832 yts, uing standard'formt.
[   0.00000]e80:BIOSrovide phicl RAmap:
[  0.000000] BOSe80: [me 00000000000000-0x000000009ff] usbl
[  0.00000] IOS-820: [mem0x0000000009c0-0x000000009ff] esered
    .00000] IO-e20: [mm x00000000f00000x0000000000ffff rservd
[    0.0000] IO-e82: mem x0000000000000-00000003fefff] able
[   0.0000] OS-e80:[mem0x00000003fff000-000000003fffffff]ACPIda
[   0.00000 BIOS-e820: [mem 0x000000fec000-0x000000fc0fff] rserved
[  0.0000] BIOS-e820[memx0000000fe0000-0000000fee0ff] reservd
[  0.0000] BIOS-e82: em 0x000000fc0000x000000ffffff] eseed
   0.0000] NX (Execute Disable protetionactie
[   0.00000] SIOS .5 presnt.    .00000] ypvisor etcted: M
[  0.0000] 20: as_pf= 0x3ff0 m_arc_pfn= x40000000
[   0.0000] MTR: Disale
[   .0000] x6/AT: TRs diabed, kipig ATinitlizatio to.
   0.00000 CPUMTRs al blank - irualied sstm.
[   .0000]x86/AT: nfigraion 0-7]: B WT U- C  W W  UC U  
[   0.00000 foud MP M-tble t mem 0x009fff0-x0009fff maped at [ff880009ff0]
    .00000] Saning  aeas or l mmorycoruptn
[   0.00000]RAMDSK: me 0x330800-x371bff]
[   0.0000 ACP: Eay tae chckum vifictio disabed
   0.00000] ACPI RSD0x00000000E0000 004 (v02VBX  )
[   0.0000] APIXSDT 00000003FFF030 0003(v01VBX   OXXS 0000001 ASL  00001)
[   .0000] AC: FACP0x0000003FF0F000004 v04 BOX   BOXFCP0000001 SL 000001)
[    .00000 API: DST 0x000003FFF47 002FF(v02VBX   BOBIS 000002INTL010052)
[  .0000]ACPI: CS 000000003FFF20 00040
   0.0000] API FCS0x0000003FFF020 00040
   0.0000]CPI:APC 0x0000003FF020 005C(v02VBX  VBOPIC 00001 ASL 000061)[   0.000] API SSD 0x000003FF02A 000CC(v VBO  VBOXUT 000002 NT 2010028
[  0.00000] No NA configuration found
[    0.000000] Fakig a node a [em 00000000000000-0x000000ffefff]
[   .00000 NOD_DTA(0 allcate [mem x3ff000-0xffeff]
[    00000] kvm-clck: Using rs 4b54d01 a 4564d0
    00000]kvm-ock: cpu 0, mmsr:3ffe301, riary puclck
[   0.0000] vm-cock:usng shed ofse o48432682cycls
[  0.0000] clckouce: vmclock:mak: 0fffffffffffff ax_cles:0xcd424dff, ax_idl_ns: 85905913 ns
[   0.00000]Zoe rage:
[   .000000]   DMA      [mem 0x00000000001000-000000000fffff
    .0000]  MA    em 00000001000000x00000000ffefff]
[  0.0000]  Nomal  epty
[   0.00000   Dvice  mpty
[  0.00000]Movae one strt fr ach ode
[   0.00000] arlymeory od rans
[   0.0000]  noe   : mem 000000000000-0x000000009eff]
[    000000]   nod  0:[mem0x00000001000-00000003ffefff]
    .00000 Intmemseup nde0 [mm 0x00000000000-0x00000003ffeff]
[  0.0000] ACPI: PM-Tmer IO Por 0x40
[   .00000 IOAIC0]:pic_id 2, rsio 3, adres 0xec0000 GSI0-23
    .00000 API: NT_SC_VRbus  busir 0 glol_rq 2dfl df
[   000000 APIINT_RCOVR bu 0us_i 9 gloal_ir 9low evl)
[   000000] Usig CPI(MAD) fo SMPcofiguaton iormati
[   0.0000] smpboot:Alowing  CUs,  hotplg PUs
   0.00000 PM:egiserednosaveemory:mem 000000-0x0000ff]
[  0.00000 P: Regitere nsa memy: [emx0009f00-0x000fff]
   0.0000] P: egtere nosvememoy: [m 0x000a000-000efff]
[   0.0000] PM: Regiserd noave emry: me 0x00f00-000fffff]
[    00000]e80: [em0x4000000xfefffff] aailae fo PI deces[   0.00000]Bootngparairualied krnl onKVM[   0.0000] clocsoce: efned-jifis: mk: 0xfffff mx_cyle: ffffff, max_idle_ns: 7645196001156 n
[   .000000]sep_pecp: NR_CPUS512 nr_cpumask_bts:2 nr_cu_ds:2r_nodeid:1
   000000] PCPU: Ebeddd 4 pages/cpu @fff80030000s9940 r8192 31592 u14857
    .00000] ilt 1 onelst in od ord, molitygruping on  Toalpage: 25791
[    0.000000] Policy zone: DMA32
[    0.000000] Kernel command line: BOOT_IMAGE=/boot/vmlinuz-4.4.0-142-generic root=LABEL=cloudimgroot ro onsol=tty1 conle=tyS
[   .00000] IDhashtale etres: 96 (rdr:3, 368 byts)
[  0.000000] Memory: 997732K/1048120K available (8603K kerne cde, 332Krwata, 44K rdaa, 148K ni, 1316 bs, 538K resrved0K ca-esered
[   0.0000] SLU: HWlin=64Orde=03, inObects=0 CPU=2Nodes=1
[   000000]erne/Uer pe tables isolatin: eabed
   0.0000] Hierarchical RCU implementatn.
[    0.0000] 	Biltime ausment o laf fno to 4.
[    00000] 	RU estrictingCPUsrom R_CPS=2 tor_cp_is=2.
[   0.000] RC: djustig geetryfo ru_fano_lea=64,nr_c_ids=2
[    00000] R_IRS:3324nr_is:440 16
[   .00000 Conole:coour A+ 80x
[    0.000000] console [tty1] enabled
[    0.000000] console [ttyS] nabled
[   0.000000] tsc: Detected 1800.001 MHz processor
[   44.083591] Calibrating delay loop (skipped) preset value.. 3600.00 BogoMIPS (lpj=7200004)
[   44.288142] pid_max: default: 32768 minimum: 301
[   44.392232] ACPI: Core revision 20150930
[   44.513247] ACPI: 2 ACPI AML tables successfully acquired and loaded
[   44.668882] Security Framework initialized
[   44.768781] Yama: becoming mindful.
[   44.804149] AppArmor: AppArmor initialized
[   44.873381] Dentry cache hash table entries: 131072 (order: 8, 1048576 bytes)
[   45.042993] Inode-cache hash table entries: 65536 (order: 7, 524288 bytes)
[   45.211319] Mount-cache hash table entries: 2048 (order: 2, 16384 bytes)
[   45.370072] Mountpoint-cache hash table entries: 2048 (order: 2, 16384 bytes)
[   45.548994] Initializing cgroup subsys io
[   45.641175] Initializing cgroup subsys memory
[   45.750613] Initializing cgroup subsys devices
[   45.855807] Initializing cgroup subsys freezer
[   45.952342] Initializing cgroup subsys net_cls
[   46.061305] Initializing cgroup subsys perf_event
[   46.147713] Initializing cgroup subsys net_prio
[   46.211424] Initializing cgroup subsys hugetlb
[   46.328215] Initializing cgroup subsys pids
[   46.452497] mce: CPU supports 0 MCE banks
[   46.547969] Last level iTLB entries: 4KB 64, 2MB 8, 4MB 8
[   46.685323] Last level dTLB entries: 4KB 64, 2MB 0, 4MB 0, 1GB 4
[   46.797358] Spectre V2 : Mitigation: Full generic retpoline
[   46.922563] Spectre V2 : Spectre v2 / SpectreRSB mitigation: Filling RSB on context switch
[   47.084973] Speculative Store Bypass: Vulnerable
[   47.202462] Freeing SMP alternatives memory: 32K
[   47.303091] ftrace: allocating 32277 entries in 127 pages
[   47.473888] smpboot: APIC(0) Converting physical 0 to logical package 0
[   47.639974] smpboot: Max logical packages: 1
[   47.736094] x2apic enabled
[   47.811470] Switched APIC routing to physical x2apic.
[   47.846525] ..TIMER: vector=0x30 apic1=0 pin1=2 apic2=-1 pin2=-1
[   48.095371] smpboot: CPU0: Intel(R) Core(TM) i5-8250U CPU @ 1.60GHz (family: 0x6, model: 0x8e, stepping: 0xa)
[   48.320900] Performance Events: unsupported p6 CPU model 142 no PMU driver, software events only.
[   48.516475] KVM setup paravirtual spinlock
[   48.606186] x86: Booting SMP configuration:
[   48.712478] .... node  #0, CPUs:      #1
[   48.794038] kvm-clock: cpu 1, msr 0:3ffe3041, secondary cpu clock
[   48.872739] mce: CPU supports 0 MCE banks
[   48.944668] x86: Booted up 1 node, 2 CPUs
[   49.024570] smpboot: Total of 2 processors activated (7200.00 BogoMIPS)
[   49.184221] devtmpfs: initialized
[   49.257476] evm: security.selinux
[   49.320722] evm: security.SMACK64
[   49.397124] evm: security.SMACK64EXEC
[   49.486139] evm: security.SMACK64TRANSMUTE
[   49.569657] evm: security.SMACK64MMAP
[   49.661167] evm: security.ima
[   49.710332] evm: security.capability
[   49.754223] clocksource: jiffies: mask: 0xffffffff max_cycles: 0xffffffff, max_idle_ns: 7645041785100000 ns
[   49.873742] futex hash table entries: 512 (order: 3, 32768 bytes)
[   50.027893] pinctrl core: initialized pinctrl subsystem
[   50.150589] RTC time: 20:02:12, date: 02/22/19
[   50.245491] NET: Registered protocol family 16
[   50.346035] cpuidle: using governor ladder
[   50.377125] cpuidle: using governor menu
[   50.462175] PCCT header not found.
[   50.512557] ACPI: bus type PCI registered
[   50.582167] acpiphp: ACPI Hot Plug PCI Controller Driver version: 0.5
[   50.730587] PCI: Using configuration type 1 for base access
[   50.858444] ACPI: Added _OSI(Module Device)
[   50.940332] ACPI: Added _OSI(Processor Device)
[   51.009941] ACPI: Added _OSI(3.0 _SCP Extensions)
[   51.068605] ACPI: Added _OSI(Processor Aggregator Device)
[   51.191422] ACPI: Executed 1 blocks of module-level executable AML code
[   51.336098] ACPI: Interpreter enabled
[   51.421884] ACPI: (supports S0 S5)
[   51.479255] ACPI: Using IOAPIC for interrupt routing
[   51.534932] PCI: Using host bridge windows from ACPI; if necessary, use "pci=nocrs" and report a bug
[   51.661278] ACPI: PCI Root Bridge [PCI0] (domain 0000 [bus 00-ff])
[   51.760675] acpi PNP0A03:00: _OSC: OS supports [ASPM ClockPM Segments MSI]
[   51.823726] acpi PNP0A03:00: _OSC: not requesting OS control; OS requires [ExtendedConfig ASPM ClockPM MSI]
[   51.939845] acpi PNP0A03:00: fail to add MMCONFIG information, can't access extended PCI configuration space under this bridge.
[   52.138821] PCI host bridge to bus 0000:00
[   52.211865] pci_bus 0000:00: root bus resource [io  0x0000-0x0cf7 window]
[   52.332468] pci_bus 0000:00: root bus resource [io  0x0d00-0xffff window]
[   52.463326] pci_bus 0000:00: root bus resource [mem 0x000a0000-0x000bffff window]
[   52.571311] pci_bus 0000:00: root bus resource [mem 0x40000000-0xfdffffff window]
[   52.701952] pci_bus 0000:00: root bus resource [bus 00-ff]
[   52.824213] pci 0000:00:01.1: legacy IDE quirk: reg 0x10: [io  0x01f0-0x01f7]
[   52.983546] pci 0000:00:01.1: legacy IDE quirk: reg 0x14: [io  0x03f6]
[   53.143076] pci 0000:00:01.1: legacy IDE quirk: reg 0x18: [io  0x0170-0x0177]
[   53.280463] pci 0000:00:01.1: legacy IDE quirk: reg 0x1c: [io  0x0376]
[   53.356215] pci 0000:00:07.0: quirk: [io  0x4000-0x403f] claimed by PIIX4 ACPI
[   53.499429] pci 0000:00:07.0: quirk: [io  0x4100-0x410f] claimed by PIIX4 SMB
[   53.681013] ACPI: PCI Interrupt Link [LNKA] (IRQs 5 9 10 *11)
[   53.792589] ACPI: PCI Interrupt Link [LNKB] (IRQs 5 9 *10 11)
[   53.926329] ACPI: PCI Interrupt Link [LNKC] (IRQs 5 *9 10 11)
[   54.047785] ACPI: PCI Interrupt Link [LNKD] (IRQs 5 9 10 *11)
[   54.126264] ACPI: Enabled 2 GPEs in block 00 to 07
[   54.197780] vgaarb: setting as boot device: PCI:0000:00:02.0
[   54.269508] vgaarb: device added: PCI:0000:00:02.0,decodes=io+mem,owns=io+mem,locks=none
[   54.385335] vgaarb: loaded
[   54.436480] vgaarb: bridge control possible 0000:00:02.0
[   54.528679] SCSI subsystem initialized
[   54.590244] ACPI: bus type USB registered
[   54.624455] usbcore: registered new interface driver usbfs
[   54.631834] usbcore: registered new interface driver hub
[   54.724476] usbcore: registered new device driver usb
[   54.800510] PCI: Using ACPI for IRQ routing
[   54.893133] NetLabel: Initializing
[   54.960061] NetLabel:  domain hash size = 128
[   55.060276] NetLabel:  protocols = UNLABELED CIPSOv4
[   55.162711] NetLabel:  unlabeled traffic allowed by default
[   55.268208] amd_nb: Cannot enumerate AMD northbridges
[   55.354649] clocksource: Switched to clocksource kvm-clock
[   .511] pAmo: ppmoFisytem nabled
[   .170] p:PnACI it[ 56620]np:Pn AI:foun 3 evce

[   57.272557] clocksource: acpi_pm: mask: 0xffffff max_cycles: 0xffffff, max_idle_ns: 2085701024 ns
[   57.454901] NET: Registered protocol family 2
[   57.552776] TCP established hash table entries: 8192 (order: 4, 65536 bytes)
[   57.703049] TCP bind hash table entries: 8192 (order: 5, 131072 bytes)
[   57.837392] TCP: Hash tables configured (established 8192 bind 8192)
[   57.882832] UDP hash table entries: 512 (order: 2, 16384 bytes)
[   57.993841] UDP-Lite hash table entries: 512 (order: 2, 16384 bytes)
[   58.072765] NET: Registered protocol family 1
[   58.148538] pci 0000:00:00.0: Limiting direct PCI/PCI transfers
[   58.211054] pci 0000:00:01.0: Activating ISA DMA hang workarounds
[   58.275551] Unpacking initramfs...
[ 589907 Freeing initrd memory: 14800K
[   58.975210] platform rtc_cmos: registered platform RTC device (no PNP device found)
[   59.148133] Scanning for low memory corruption every 60 seconds
[   59.248864] audit: initializing netlink subsys (disabled)
[   59.327632] audit: type=2000 audit(1550865692.656:1): initialized
[   59.411808] Initialise system trusted keyring
[   59.480968] HugeTLB registered 2 MB page size, pre-allocated 0 pages
[   59.640845] zbud: loaded
[   59.691544] VFS: Disk quotas dquot_6.6.0
[   59.715197] VFS: Dquot-cache hash table entries: 512 (order 0, 4096 bytes)
[   59.76470 sasfsveion 4.0 00011)PhliLohe
[  66392ts Rin TC clckur cibatn:7920MH

[   6.728] ocoue: tc:as 0xfffffffff x_yces0x9e8cce max_dl_n: 4407952434s[   1.704]usin (I rson.2
[   61.771046] Key type big_key registered
[   61.771070] Allocating IMA MOK and blacklist keyrings.
[   61.771313] Key type asymmetric registered
[   61.771315] Asymmetric key parser 'x509' registered
[   61.771353] Block layer SCSI generic (bsg) driver version 0.4 loaded (major 249)
[   61.771389] io scheduler noop registered
[   61.771391] io scheduler deadline registered (default)
[   61.771418] io scheduler cfq registered
[   61.771529] pci_hotplug: PCI Hot Plug PCI Core version: 0.5
[   61.771534] pciehp: PCI Express Hot Plug Controller Driver version: 0.4
[   61.771753] ACPI: AC Adapter [AC] (off-line)
[   61.771813] input: Power Button as /devices/LNXSYSTM:00/LNXPWRBN:00/input/input0
[   61.771816] ACPI: Power Button [PWRF]
[   61.771883] input: Sleep Button as /devices/LNXSYSTM:00/LNXSLPBN:00/input/input1
[   61.771885] ACPI: Sleep Button [SLPF]
[   61.772103] GHES: HEST is not enabled!
[   61.772247] Serial: 8250/16550 driver, 32 ports, IRQ sharing enabled
[   63.351372] 00:02: ttyS0 at I/O 0x3f8 (irq = 4, base_baud = 115200) is a 16550A
[   64.044897] Linux agpgart interface v0.103
[   64.135469] loop: module loaded
[   64.135995] scsi host0: ata_piix
[   64.136047] scsi host1: ata_piix
[   64.136075] ata1: PATA max UDMA/33 cmd 0x1f0 ctl 0x3f6 bmdma 0xd000 irq 14
[   64.136076] ata2: PATA max UDMA/33 cmd 0x170 ctl 0x376 bmdma 0xd008 irq 15
[   64.136187] libphy: Fixed MDIO Bus: probed
[   64.136190] tun: Universal TUN/TAP device driver, 1.6
[   64.136190] tun: (C) 1999-2004 Max Krasnyansky <maxk@qualcomm.com>
[   64.136223] PPP generic driver version 2.4.2
[   64.136267] ehci_hcd: USB 2.0 'Enhanced' Host Controller (EHCI) Driver
[   64.136270] ehci-pci: EHCI PCI platform driver
[   64.136278] ehci-platform: EHCI generic platform driver
[   64.136285] ohci_hcd: USB 1.1 'Open' Host Controller (OHCI) Driver
[   64.136288] ohci-pci: OHCI PCI platform driver
[   64.136295] ohci-platform: OHCI generic platform driver
[   64.136302] uhci_hcd: USB Universal Host Controller Interface driver
[   64.136350] i8042: PNP: PS/2 Controller [PNP0303:PS2K,PNP0f03:PS2M] at 0x60,0x64 irq 1,12
[   64.137359] ACPI: Battery Slot [BAT0] (battery present)
[   64.184789] serio: i8042 KBD port at 0x60,0x64 irq 1
[   64.184796] serio: i8042 AUX port at 0x60,0x64 irq 12
[   64.184936] mousedev: PS/2 mouse device common for all mice
[   64.185256] rtc_cmos rtc_cmos: rtc core: registered rtc_cmos as rtc0
[   64.185319] rtc_cmos rtc_cmos: alarms up to one day, 114 bytes nvram
[   64.185327] i2c /dev entries driver
[   64.185376] device-mapper: uevent: version 1.0.3
[   64.185425] device-mapper: ioctl: 4.34.0-ioctl (2015-10-28) initialised: dm-devel@redhat.com
[   64.185445] ledtrig-cpu: registered to indicate activity on CPUs
[   64.185711] NET: Registered protocol family 10
[   64.185845] NET: Registered protocol family 17
[   64.185856] Key type dns_resolver registered
[   64.186123] registered taskstats version 1
[   64.186158] Loading compiled-in X.509 certificates
[   64.186756] Loaded X.509 cert 'Build time autogenerated kernel key: bff73e56bc0efa7435b2a24f5427674623f1be80'
[   64.186786] zswap: loaded using pool lzo/zbud
[   64.188753] Key type trusted registered
[   64.191359] Key type encrypted registered
[   64.191380] AppArmor: AppArmor sha1 policy hashing enabled
[   64.191383] ima: No TPM chip found, activating TPM-bypass!
[   64.191391] ima: Allocated hash algorithm: sha1
[   64.191405] evm: HMAC attrs: 0x1
[   64.191851]   Magic number: 7:711:43
[   64.208046] rtc_cmos rtc_cmos: setting system clock to 2019-02-22 20:02:26 UTC (1550865746)
[   64.208175] BIOS EDD facility v0.16 2004-Jun-25, 0 devices found
[   64.208175] EDD information not available.
[   64.847854] input: AT Translated Set 2 keyboard as /devices/platform/i8042/serio0/input/input2
[   69.612009] Freeing unused kernel memory: 1484K
[   69.738830] Write protecting the kernel read-only data: 14336k
[   69.787850] Freeing unused kernel memory: 1624K
[   69.892144] Freeing unused kernel memory: 92K
Loading, please [   70.027410] random: systemd-udevd: uninitialized urandom read (16 bytes read, 7 bits of entropy available)
wait...
startin[   70.028807] random: udevadm: uninitialized urandom read (16 bytes read, 7 bits of entropy available)
g version 229
[   70.028842] random: udevadm: uninitialized urandom read (16 bytes read, 7 bits of entropy available)
[   70.041904] random: udevadm: uninitialized urandom read (16 bytes read, 7 bits of entropy available)
[   70.041960] random: udevadm: uninitialized urandom read (16 bytes read, 7 bits of entropy available)
[   70.042231] random: udevadm: uninitialized urandom read (16 bytes read, 7 bits of entropy available)
[   70.042338] random: udevadm: uninitialized urandom read (16 bytes read, 7 bits of entropy available)
[   70.042451] random: udevadm: uninitialized urandom read (16 bytes read, 7 bits of entropy available)
[   70.042561] random: udevadm: uninitialized urandom read (16 bytes read, 7 bits of entropy available)
[   70.042671] random: udevadm: uninitialized urandom read (16 bytes read, 7 bits of entropy available)
[   71.217222] e1000: Intel(R) PRO/1000 Network Driver - version 7.3.21-k8-NAPI
[   71.261346] e1000: Copyright (c) 1999-2006 Intel Corporation.
[   71.318569] Fusion MPT base driver 3.04.20
[   71.323759] Copyright (c) 1999-2008 LSI Corporation
[   71.394414] AVX2 version of gcm_enc/dec engaged.
[   71.414864] AES CTR mode by8 optimization enabled
[   71.430429] Fusion MPT SPI Host driver 3.04.20
[   71.599582] input: ImExPS/2 Generic Explorer Mouse as /devices/platform/i8042/serio1/input/input4
[   71.850741] e1000 0000:00:03.0 eth0: (PCI:33MHz:32-bit) 02:22:14:82:b3:e3
[   73.785285] e1000 0000:00:03.0 eth0: Intel(R) PRO/1000 Network Connection
[   73.840908] e1000 0000:00:03.0 enp0s3: renamed from eth0
[   73.849168] mptbase: ioc0: Initiating bringup
[   74.150720] ioc0: LSI53C1030 A0: Capabilities={Initiator}
[   75.535426] scsi host2: ioc0: LSI53C1030 A0, FwRev=00000000h, Ports=1, MaxQ=256, IRQ=20
[   76.424411] scsi 2:0:0:0: Direct-Access     VBOX     HARDDISK         1.0  PQ: 0 ANSI: 5
[   76.571500] scsi target2:0:0: Beginning Domain Validation
[   76.687741] scsi target2:0:0: Domain Validation skipping write tests
[   76.777720] scsi target2:0:0: Ending Domain Validation
[   76.882195] scsi target2:0:0: asynchronous
[   76.908702] scsi 2:0:1:0: Direct-Access     VBOX     HARDDISK         1.0  PQ: 0 ANSI: 5
[   77.098242] scsi target2:0:1: Beginning Domain Validation
[   77.200943] scsi target2:0:1: Domain Validation skipping write tests
[   77.349669] scsi target2:0:1: Ending Domain Validation
[   77.390004] scsi target2:0:1: asynchronous
[   77.495547] sd 2:0:0:0: Attached scsi generic sg0 type 0
[   77.550650] sd 2:0:0:0: [sda] 20971520 512-byte logical blocks: (10.7 GB/10.0 GiB)
[   77.550810] sd 2:0:1:0: Attached scsi generic sg1 type 0
[   77.839265] sd 2:0:1:0: [sdb] 20480 512-byte logical blocks: (10.5 MB/10.0 MiB)
[   77.925694] sd 2:0:0:0: [sda] Write Protect is off
[   78.016446] sd 2:0:1:0: [sdb] Write Protect is off
[   78.107272] sd 2:0:0:0: [sda] Incomplete mode parameter data
[   78.107274] sd 2:0:0:0: [sda] Assuming drive cache: write through
[   78.213902]  sda: sda1
[   78.216234] sd 2:0:0:0: [sda] Attached SCSI disk
[   78.438596] sd 2:0:1:0: [sdb] Incomplete mode parameter data
[   78.585956] sd 2:0:1:0: [sdb] Assuming drive cache: write through
[   78.685760] sd 2:0:1:0: [sdb] Attached SCSI disk
Begin: Loading e[   80.437566] md: linear personality registered for level -1
ssential drivers[   80.492326] md: multipath personality registered for level -4
 ... [   80.624723] md: raid0 personality registered for level 0
[   80.734882] md: raid1 personality registered for level 1
[   80.910734] raid6: sse2x1   gen()  7174 MB/s
[   81.074681] raid6: sse2x1   xor()  6659 MB/s
[   81.230823] raid6: sse2x2   gen() 12665 MB/s
[   81.394987] raid6: sse2x2   xor()  7193 MB/s
[   81.523112] raid6: sse2x4   gen() 10458 MB/s
[   81.647067] raid6: sse2x4   xor()  6296 MB/s
[   81.826796] raid6: avx2x1   gen() 13983 MB/s
[   81.894709] raid6: avx2x2   gen() 18239 MB/s
[   82.058695] raid6: avx2x4   gen() 16859 MB/s
[   82.180465] raid6: using algorithm avx2x2 gen() 18239 MB/s
[   82.282343] raid6: using avx2x2 recovery algorithm
[   82.321226] xor: automatically using best checksumming function:
[   82.470738]    avx       : 24378.000 MB/sec
[   82.560157] async_tx: api initialized (async)
[   82.661112] md: raid6 personality registered for level 6
[   82.766755] md: raid5 personality registered for level 5
[   82.881872] md: raid4 personality registered for level 4
[   82.996655] md: raid10 personality registered for level 10
done.
Begin: Running /scripts/init-premount ... done.
Begin: Mounti[   83.185672] Btrfs loaded
ng root file system ... Begin: Running /scripts/local-top ... done.
Begin: Running /scripts/local-premount ... Scanning for Btrfs filesystems
[   83.389880] EXT4-fs (sda1): mounted filesystem with ordered data mode. Opts: (null)
done.
Warning: fsck not present, so skipping root file system
done.
Begin: Running /scripts/local-bottom ... done.
Begin: Running /scripts/init-bottom ... done.
[   83.644635] systemd[1]: systemd 229 running in system mode. (+PAM +AUDIT +SELINUX +IMA +APPARMOR +SMACK +SYSVINIT +UTMP +LIBCRYPTSETUP +GCRYPT +GNUTLS +ACL +XZ -LZ4 +SECCOMP +BLKID +ELFUTILS +KMOD -IDN)
[   83.944277] systemd[1]: Detected virtualization oracle.
[   84.050992] systemd[1]: Detected architecture x86-64.

Welcome to [1mUbuntu 16.04.5 LTS[0m!

[   84.221186] systemd[1]: Set hostname to <ubuntu-xenial>.
[   84.402959] random: nonblocking pool is initialized
[   84.708609] systemd[1]: Started Forward Password Requests to Wall Directory Watch.
[[0;32m  OK  [0m] Started Forward Password Requests to Wall Directory Watch.
[   84.847931] systemd[1]: Created slice System Slice.
[[0;32m  OK  [0m] Created slice System Slice.
[   85.025727] systemd[1]: Listening on Journal Socket.
[[0;32m  OK  [0m] Listening on Journal Socket.
[   85.191712] systemd[1]: Mounting Debug File System...
         Mounting Debug File System...
[   85.307465] systemd[1]: Starting Uncomplicated firewall...
         Starting Uncomplicated firewall...
[   85.459859] systemd[1]: Listening on udev Kernel Socket.
[[0;32m  OK  [0m] Listening on udev Kernel Socket.
[   85.631550] systemd[1]: Starting Create list of required static device nodes for the current kernel...
         Starting Create list of required st... nodes for the current kernel...
[   85.874919] systemd[1]: Started Trigger resolvconf update for networkd DNS.
[[0;32m  OK  [0m] Started Trigger resolvconf update for networkd DNS.
[   85.999638] systemd[1]: Starting Nameserver information manager...
         Starting Nameserver information manager...
[   86.187307] systemd[1]: Starting Set console keymap...
         Starting Set console keymap...
[   86.347252] systemd[1]: Listening on Journal Socket (/dev/log).
[[0;32m  OK  [0m] Listening on Journal Socket (/dev/log).
[  86.5381syem1]: isteningonysg Socket
[[0;32m  OK  [0m] Listening on Syslog Socket.
[   87.28002]ysmd[1: iseningonevice-pp entdamo FIF. [[0;32m  OK  [0m] Listening on Device-mapper event daemon FIFOs.
[  88.83] std[1]: eaedart stemimSychronze.
[[0;32m  OK  [0m] Reached target System Time Synchronized.
[  8.383] ysmd[1]:Lieng  uv ontro Ske.
[[0;32m  OK  [0m] Listening on udev Control Socket.
[ 90443]ystemd[1]:isenngonLVM madata daemo ske.
[[0;32m  OK  [0m] Listening on LVM2 metadata daemon socket.
[  92355 systemd[1 Reached art crted lus.
[[0;32m  OK  [0m] Reached target Encrypted Volumes.
[   92.043329] systemd[1]: Starting Monitoring of LVM2 mirrors, snapshots etc. using dmeventd or progress polling...
         Starting Monitoring of LVM2 mirrors... dmeventd or progress polling...
[   92.467075] systemd[1]: Mounting Huge Pages File System...
         Mounting Huge Pages File System...
[ 92276]ysemd[]:isning o/dv/itct CpabityNad pe

[[0;32m  OK  [0m] Listening on /dev/initctl Compatibility Named Pipe.
[   939245 systmd]:Reache tgeUs a GupamLoku.
[[0;32m  OK  [0m] Reached target User and Group Name Lookups.
[   95.091517] systemd[1]: Starting Load Kernel Modules...
         Starting Load Ke[   95.174828] Loading iSCSI transport class v2.0-870.
rnel Modules...
[  934040] sysmd1]: stening on Journal Audit Socket.

[[0;32m  OK  [0m] Listening on Journal Audit Socket.
[   95.742690] iscsi: registered transport (tcp)
[   95.815496] systemd[1]: Starting Journal Service...
         Starting Journal[   95.921074] iscsi: registered transport (iser)
 Service...
[ 96.05431sytemd1]Litengn M2ol dmosoket.
[[0;32m  OK  [0m] Listening on LVM2 poll daemon socket.
[   7.3878] sytemd1] Reached trgt ap

[[0;32m  OK  [0m] Reached target Swap.
[  96141syted[1]: Crete slie ysem-sril\dgtysle.

[[0;32m  OK  [0m] Created slice system-serial\x2dgetty.slice.
[  96138 sstemd[1]: Created slie Usr ndSessn ic.
[[0;32m  OK  [0m] Created slice User and Session Slice.
[  9.416368]ysted[]: Rchd art lies.
[[0;32m  OK  [0m] Reached target Slices.
[  100.123921] systemd[1]: Starting Remount Root and Kernel File Systems...
         [  100.277208] EXT4-fs (sda1): re-mounted. Opts: (null)
Starting Remount Root and Kernel File Systems...
[  10.485] ystem1]: etp utou Arbray Excubl File ortsFie ysm utmot in
[[0;32m  OK  [0m] Set up automount Arbitrary Executab...ats File System Automount Point.
[  101.999907] systemd[1]: Mounting POSIX Message Queue File System...
         Mounting POSIX Message Queue File System...
[  102.314645] systemd[1]: Mounted Debug File System.
[[0;32m  OK  [0m] Mounted Debug File System.
[ 024186] system[1: MoteHu Pges ilSyem.
[[0;32m  OK  [0m] Mounted Huge Pages File System.
[ 10.227417] sstemd[1]: MountedPOIXessae QuueFileSyem
[[0;32m  OK  [0m] Mounted POSIX Message Queue File System.
[ 108460 sstmd[1]: Stared Jouna Seric
[[0;32m  OK  [0m] Started Journal Service.
[[0;32m  OK  [0m] Started Uncomplicated firewall.
[[0;32m  OK  [0m] Started Create list of required sta...ce nodes for the current kernel.
[[0;32m  OK  [0m] Started Set console keymap.
[[0;32m  OK  [0m] Started Load Kernel Modules.
[[0;32m  OK  [0m] Started Remount Root and Kernel File Systems.
[[0;32m  OK  [0m] Started Nameserver information manager.
[[0;32m  OK  [0m] Started LVM2 metadata daemon.
         Starting Load/Save Random Seed...
         Starting udev Coldplug all Devices...
         Starting Apply Kernel Variables...
         Mounting FUSE Control File System...
         Starting Create Static Device Nodes in /dev...
         Starting Flush Journal to Persistent Storage...
[[0;32m  OK  [0m] Mounted FUSE Control File System.
[[0;32m  OK  [0m] Started Monitoring of LVM2 mirrors,...ng dmeventd or progress polling.
[[0;32m  OK  [0m] Started Load/Save Random Seed.
[[0;32m  OK  [0m] Started Apply Kernel Variables.
[[0;32m  OK  [0m] Started Create Static Device Nodes in /dev.
[[0;32m  OK  [0m] Started udev Coldplug all Devices.
         Starting udev Kernel Device Manager...
[[0;32m  OK  [0m] Reached target Local File Systems (Pre).
[[0;32m  OK  [0m] Reached target Local File Systems.
         Starting Initial cloud-init job (pre-networking)...
         Starting LSB: AppArmor initialization...
         Starting Tell Plymouth To Write Out Runtime Data...
         Starting Set console font and keymap...
[[0;32m  OK  [0m] Started udev Kernel Device Manager.
[[0;32m  OK  [0m] Started Flush Journal to Persistent Storage.
[[0;32m  OK  [0m] Started Tell Plymouth To Write Out Runtime Data.
[[0;32m  OK  [0m] Found device /dev/ttyS0.
[[0;32m  OK  [0m] Listening on Load/Save RF Kill Switch Status /dev/rfkill Watch.
[   53.267162] cloud-init[475]: Cloud-init v. 18.4-0ubuntu1~16.04.2 running 'init-local' at Fri, 22 Feb 2019 20:03:09 +0000. Up 52.79 seconds.
         Starting Create Volatile Files and Directories...
[[0;32m  OK  [0m] Started Dispatch Password Requests to Console Directory Watch.
[[0;32m  OK  [0m] Started LSB: AppArmor initialization.
[[0;32m  OK  [0m] Started Set console font and keymap.
[[0;32m  OK  [0m] Started Create Volatile Files and Directories.
[[0;32m  OK  [0m] Started Initial cloud-init job (pre-networking).
[[0;32m  OK  [0m] Reached target Network (Pre).
         Starting Update UTMP about System Boot/Shutdown...
[[0;32m  OK  [0m] Created slice system-getty.slice.
[[0;32m  OK  [0m] Started ifup for enp0s3.
         Starting Raise network interfaces...
[[0;32m  OK  [0m] Started Update UTMP about System Boot/Shutdown.
[[0;32m  OK  [0m] Started Raise network interfaces.
[[0;32m  OK  [0m]  eached target Network.
         Starting Initial cloud-init job (metadata service crawler)...
[   56.008044] cloud-init[951]: Cloud-init v. 18.4-0ubuntu1~16.04.2 running 'init' at Fri, 22 Feb 2019 20:03:12 +0000. Up 55.61 seconds.
[[0;32m  OK  [0m] Started Initial cloud-init job (metadata service crawler).
[[   56.175744] cloud-init[951]: ci-info: ++++++++++++++++++++++++++++++++++++++Net device info++++++++++++++++++++++++++++++++++++++
[0;32m  OK  [0m[   56.303004] cloud-init[951]: ci-info: +--------+------+----------------------------+---------------+--------+-------------------+
] Reached target Cloud-config availability.
[[0;32m  OK  [0m[   56.303239] ] cloud-initReached target Network is Online.[951]: 
ci-info: | Device |  Up  |          Address           |      Mask     | Scope  |     Hw-Address    |
[   56.848859] cloud-init[951]: ci-info: +--------+------+----------------------------+---------------+--------+-------------------+
         [   56.849241] cloud-init[951]: ci-info: | enp0s3 | True |         10.0.2.15          | 255.255.255.0 | global | 02:22:14:82:b3:e3 |
Starting iSCSI initiator daemon (iscsid)...
[[   56.849496] cloud-init[951]: ci-info: | enp0s3 | True | fe80::22:14ff:fe82:b3e3/64 |       .       |  link  | 02:22:14:82:b3:e3 |
[0;32m  OK  [0m[   57.341455] cloud-init[951]: ci-info: |   lo   | True |         127.0.0.1          |   255.0.0.0   |  host  |         .         |
] Reached target System Initialization.
[   57.341667] cloud-init[951]: ci-info: |   lo   | True |          ::1/128           |       .       |  host  |         .         |
[[   57.711005] cloud-init[951]: ci-info: +--------+------+----------------------------+---------------+--------+-------------------+
[0;32m  OK  [0m] Listening on D-Bus System Message Bus Socket.
[   57.711917]          Starting Docker Socket for the API.
cloud-init[951]: ci-info: +++++++++++++++++++++++++++Route IPv4 info++++++++++++++++++++++++++++
[   58.252432] cloud-init[951]: ci-info: +-------+-------------+----------+---------------+-----------+-------+
         [   58.252772] cloud-init[951]: ci-info: | Route | Destination | Gateway  |    Genmask    | Interface | Flags |
Starting Socket activation for snappy daemon.[   58.252974] cloud-init[951]: ci-info: +-------+-------------+----------+---------------+-----------+-------+

[   58.253051] cloud-init[951]: ci-info: |   0   |   0.0.0.0   | 10.0.2.2 |    0.0.0.0    |   enp0s3  |   UG  |
[   58.834013] cloud-init[951]: ci-info: |   1   |   10.0.2.0  | 0.0.0.0  | 255.255.255.0 |   enp0s3  |   U   |
         [   58.834388] cloud-init[951]: ci-info: +-------+-------------+----------+---------------+-----------+-------+
Starting LXD - unix socket.
[[   58.834677] cloud-init[951]: ci-info: +++++++++++++++++++Route IPv6 info+++++++++++++++++++
[0;32m  OK  [0m[   59.177730] cloud-init[951]: ci-info: +-------+-------------+---------+-----------+-------+
] Listening on ACPID Listen Socket.
[   59.177907] cloud-init[951]: ci-info: | Route | Destination | Gateway | Interface | Flags |
[[   59.709417] cloud-init[951]: ci-info: +-------+-------------+---------+-----------+-------+
[0;32m  OK  [0m[   59.709646] cloud-init[951]: ci-info: |   0   |  fe80::/64  |    ::   |   enp0s3  |   U   |
] Listening on UUID daemon activation socket.
[   59.709758] cloud-init[951]: ci-info: |   3   |   ff00::/8  |    ::   |   enp0s3  |   U   |
[   60.428285] cloud-init[951]: ci-info: +-------+-------------+---------+-----------+-------+
[[0;32m  OK  [0m] Started Daily apt download activities.
[[0;32m  OK  [0m] Started Daily apt upgrade and clean activities.
[[0;32m  OK  [0m] Started Daily Cleanup of Temporary Directories.
[[0;32m  OK  [0m] Reached target Timers.
[[0;32m  OK  [0m] Started ACPI Events Check.
[[0;32m  OK  [0m] Reached target Paths.
[[0;32m  OK  [0m] Listening on Docker Socket for the API.
[[0;32m  OK  [0m] Listening on Socket activation for snappy daemon.
[[0;32m  OK  [0m] Listening on LXD - unix socket.
[[0;32m  OK  [0m] Started iSCSI initiator daemon (iscsid).
         Starting Login to default iSCSI targets...
[[0;32m  OK  [0m] Reached target Sockets.
[[0;32m  OK  [0m] Reached target Basic System.
         Starting Virtualbox guest utils...
[[0;32m  OK  [0m] Started Unattended Upgrades Shutdown.
         Starting /etc/rc.local Compatibility...
[[0;32m  OK  [0m] Started Deferred execution scheduler.
         Starting Login Service...
[[0;32m  OK  [0m] Started Regular background program processing daemon.
         Starting OpenBSD Secure Shell server...
[[0;32m  OK  [0m] Started D-Bus System Message Bus.
         Starting LSB: Record successful boot for GRUB...
         Starting LXD - container startup/shutdown...
         Starting A high performance web server and a reverse proxy server...
         Starting Accounts Service...
         Starting Snappy daemon...
         Starting containerd container runtime...
[[0;32m  OK  [0m] Started FUSE filesystem for LXC.
         Starting LSB: MD monitoring daemon...
         Starting System Logging Service...
[[0;32m  OK  [0m] Started ACPI event daemon.
         Starting Docker Application Container Engine...
[[0;32m  OK  [0m] Started Snappy daemon.
[[0;32m  OK  [0m] Started System Logging Service.
[[0;32m  OK  [0m] Started /etc/rc.local Compatibility.
[[0;32m  OK  [0m] Started LXD - container startup/shutdown.
[[0;32m  OK  [0m] Started containerd container runtime.
[[0;32m  OK  [0m] Started A high performance web server and a reverse proxy server.
[[0;32m  OK  [0m] Started OpenBSD Secure Shell server.
[[0;32m  OK  [0m] Started Login to default iSCSI targets.
[[0;32m  OK  [0m] Started Virtualbox guest utils.
[[0;32m  OK  [0m] Started LSB: Record successful boot for GRUB.
[[0;32m  OK  [0m] Started LSB: MD monitoring daemon.
[[0;32m  OK  [0m] Started Login Service.
         Starting Authenticate and Authorize Users to Run Privileged Tasks...
[[0;32m  OK  [0m] Reached target Remote File Systems (Pre).
[[0;32m  OK  [0m] Reached target Remote File Systems.
         Starting LSB: Set the CPU Frequency Scaling governor to "ondemand"...
         Starting Permit User Sessions...
         Starting LSB: automatic crash report generation...
         Starting LSB: Start Jenkins at boot time...
         Starting LSB: daemon to balance interrupts for SMP systems...
         Starting Wait until snapd is fully seeded...
[[0;32m  OK  [0m] Started Docker Application Container Engine.
[[0;32m  OK  [0m] Started Permit User Sessions.
[[0;32m  OK  [0m] Started Wait until snapd is fully seeded.
[[0;32m  OK  [0m] Started Authenticate and Authorize Users to Run Privileged Tasks.
[[0;32m  OK  [0m] Started Accounts Service.
[[0;32m  OK  [0m] Started LSB: Set the CPU Frequency Scaling governor to "ondemand".
[[0;32m  OK  [0m] Created slice User Slice of vagrant.
         Starting User Manager for UID 1000...
[[0;32m  OK  [0m] Started Session 1 of user vagrant.
         Starting Apply the settings specified in cloud-config...
         Starting Terminate Plymouth Boot Screen...
         Starting Hold until boot process finishes up...
[[0;32m  OK  [0m] Started User Manager for UID 1000.
[[0;32m  OK  [0m] Started LSB: automatic crash report generation.
[[0;32m  OK  [0m] Started LSB: daemon to balance interrupts for SMP systems.
[[0;32m  OK  [0m] Started Terminate Plymouth Boot Screen.
[[0;32m  OK  [0m] Started Hold until boot process finishes up.
[[0;32m  OK  [0m] Created slice User Slice of jenkins.
[[0;32m  OK  [0m] Started Serial Getty on ttyS0.
[   65.890649] cloud-init[1441]: Cloud-init v. 18.4-0ubuntu1~16.04.2 running 'modules:config' at Fri, 22 Feb 2019 20:03:22 +0000. Up 65.70 seconds.
         Starting Set console scheme...
[[0;32m  OK  [0m] Started Getty on tty1.
[[0;32m  OK  [0m] Reached target Login Prompts.
[[0;32m  OK  [0m] Started Apply the settings specified in cloud-config.
[[0;32m  OK  [0m] Started Set console scheme.
         Starting User Manager for UID 112...
[[0;32m  OK  [0m] Started Session c1 of user jenkins.
[[0;32m  OK  [0m] Started User Manager for UID 112.
[[0;32m  OK  [0m] Started LSB: Start Jenkins at boot time.
[[0;32m  OK  [0m] Reached target Multi-User System.
         Starting Execute cloud user/final scripts...
[[0;32m  OK  [0m] Reached target Graphical Interface.
         Starting Update UTMP about System Runlevel Changes...
[[0;32m  OK  [0m] Started Update UTMP about System Runlevel Changes.
[   68.808870] cloud-init[1553]: Cloud-init v. 18.4-0ubuntu1~16.04.2 running 'modules:final' at Fri, 22 Feb 2019 20:03:25 +0000. Up 68.57 seconds.
[   68.956435] cloud-init[1553]: Cloud-init v. 18.4-0ubuntu1~16.04.2 finished at Fri, 22 Feb 2019 20:03:25 +0000. Datasource DataSourceNoCloud [seed=/dev/sdb][dsmode=net].  Up 68.78 seconds
[[0;32m  OK  [0m] Started Execute cloud user/final scripts.
[[0;32m  OK  [0m] Reached target Cloud-init target.

Ubuntu 16.04.5 LTS ubuntu-xenial ttyS0

ubuntu-xenial login: 