[  0.000] Intiizincgoup ubs cpet
[   .0000]Initaling cgupsubss u
[   .00000 Iitialingcgou subyscpacct[   0.0000] Linux version 4.4.0-12-geer (buddlgw0amd6-0) (gc vesin 5..02060609 (Ubuntu .4.0-6untu1~6.4.10 )#18-Ubuntu SMP Wed Jan16 21:00:45 UTC 2019 (Ubuntu 4.4.0-142.168-generic 4.4.167)
[    0.000000] Command line: BOOT_IMAGE=/boot/vmlinuz-4.4.0-142-gneri rotLABE=cudimrotfs  cnse=ty1 onole=ty0
[  00000] ERNEsuppord pus:
[  0.000]  Intel Gnuinntl
[  0.0000  AMD AuthenticAMD
[    0.0000]  Centaur CentaurHauls
[    0.00000]x86/fpuxsate_ffet2]: 76 xste_izes]: 256[   .00000 x6/pu: pprtg SAVEeaure 01 'x8floati pint giters
[   00000] 86fp: Suoring SAE featrex02:SS regtes'
  0.0000 x86pu Suprtng XVEfeatrex04:AV regier'
[   00000 x6/puEnabd ste eatus x7, ntxt se s 83 bte, usin 'aandd'foma
[   0.0000 e820:BIS-pridd pysca RM ap
[    000000BIS-e8: me0x0000000000000x00000000fbff uble    .0000] BS-820: [m x000000000fc0-0x00000009fff]esrved
[   0.000] BIS-20: em0x0000000000-0x0000000fff] rseed
[  000000]IOS-20 [m 000000001000-x000000ffeff] sabl
[   0.0000] BIS-e80:[mm 0x000003ff00-0000000ffff API da
[  .000] BIS-20: em0x00000fec00-0x00000fe0ff] rered
  0.00000]BIOS-e20[mem0x0000fe00000x000000ee0fffreerd
[  .00000] OS-e0:[mem0x0000ffc000-0000000ffffffreerve
   00000]  (xecu Dsabl proecon actve
[  0.0000 SBIOS.5presnt
[  0.0000 Hpervsodetete KVM
[  0.000] e20last_p =0x3f0 ax_ah_fn = 000000000
[  0.000] MRRDisabld[    0.0000] x86/PAT: MTRRs disabled, skipping PAT intiliation too.
[    0.000000] CPU MTRRs all blank - virtualized ystm.
[   00000]86/PT:onfigurtin 0-7] W WT UC U  WB W  C- U 
[  .0000] found SP MP-tle at [em0x0009fff0-0x0009ffff mppd at[ff880009ff0]
[    00000] Scanning1 area for low meory corruption
[    0.000000] RAMDISK: [m 0x36308000-0x371bfff
[   0.0000] PI Earlytale chckum verification disbld
[  0.000000] ACPI: RSD 000000000000000 0024 (2 BOX )[   .00000ACPIXST x000003FFF00 0003Cv0 VOX VBOXST 000000 AL  000061)
[    0.000000] ACPI: FACP 0x000000003FFF00F0 0000F4 (v04 VBOX   VBOXFACP 00000001 ASL  00000061
[   0.0000] CP: DSDT x00000003F0470 021F (v VBOX VBOXOS000000INTL2000528
[    000000]ACI: FAC0x00000003FFF0200 000040
[    000000] CP: FA 0x000000FF0200000040
[    .00000 ACPI: API 00000000FF020 005C(v VBOX  VXAPI000000AS  000061
[  00000] CPI:SS 0x000003F020 001C(v01BO   VBCPT 00000 INT2000528)
[  0.0000]  NUMcofigutin fond
[  0.0000] king nde a [m 0x0000000000-0000000fefff]
[  0.000] NE_ATA() locaed [m 0xfe000-3fefff][    00000] km-ock: Ungmsrs4b4d01nd4b5600
[    0.0000 kvmclck cpu, sr 0ff3001prmarypucloc
[   00000] kvmclock:sig scd ffseof4565502 cyes
[   00000]lockoue: k-cock:ma: 0xffffffffff maxyces: 1c42e4fb maide_ns885905483 ns
[  0.000] Ze ange
    0000  DMA   [mem0x00000000000-x000000fffff
[   00000]  D32   [m 0x0000000000-0000000fefff]
  0.00000] Norm  empty
[    0.00000]   Devce  empy[    00000] Mvae zo sart oreah de
[   0000] arlyemry ne ange
[   00000]   de  : mem x00000000100-000000009fff][   .00000  ode 0:[mem0x00000010000-x0000003feff][   0.000] Iniemsetunoe 0 mem x000000000100-000000ffefff
    00000]CP: PMTir IOor: 408
[  .0000]IOAP[0: ap_i 2, rson 3 adres xfc0000, I 0-23
[   00000] CPI:NTSRC_VRbus 0 s_rq 0loal_irq 2df dfl
   0.000] ACPIIN_SRCOV(bus bs_ir9 lobair 9owleve
    00000] in ACP(MADT)orSM cfigutin inortion[   0.0000smbootAlowing CPUs0 otpl CUs
  0.0000 PM: Regsted nsa memy:[memx00000-00000ff
[  000000] M:Regierd noav mmory[mm 0x09000-x009fff][   0.0000PM Regteed nav memry[memx00a00-0000eff
[   .0000] PM:Reisted osav mory:me 0x0f000-000ffff
[   00000] 20 [me 0000000xfebff] aville f PI dece
[   0000] ootig ravitualzed rnl onKV
[   .00000 ccksoce rfid-jiffi: ask:0xffffffmacycles 0fffff,max_lens: 64551602115 n
[   0000] etuppepu: R_PUS:51nrcpumskits:2 r_cpid:2 nnoe_id:1
[   0.000] PRC: Embde 34 ge/cpu@ff880fc0000s980 r819d3592 04576[   0.000] Bil 1 zelsts n de ord, obiltyroupngn.  ta page: 7912
[   .0000]Poliy ne: A3
[  000000]Kenel mmnd le:BOOTMAE=/botmlin-44.0-2-enerc ot=LABL=oudi-rotfso onsolett conolttyS
[   0.000] P hsh talentries406 (ode 3, 3276byes)[   0.0000 Memy:997732104820K vaille(860K rnel ce,13K wdata404K rda, 14K nit,13K bs 5388Kesrved0Kcma-seved)
[  0.000] SLUB Halgn=6 Oder=3,MinOject=0, CP=2 Nods=
[   000000 Knel/User agtabls olatio: able
[   00000] errchil CU ileentati.
[  00000] Builtie adusmet oflef fano t 64.
[    000000]	RU reritingPU fro NCPUS51to ncp_ids.
[  .00000RCU:djstin gmetrfo rcu_fout_af64, r_u_id2
[  .000000] N_IS:334 r_ir:40 16
[  0.000] Csoe: clo VGA8025
  0.0000 conso [ty1]naled[   00000]cosoe [tS0 enaed
[    0.000000] tsc: Detected 1800.001 MHz processor
[   34.538702] Calibrating delay loop (skipped) preset value.. 3600.00 BogoMIPS (lpj=7200004)
[   34.769062] pid_max: default: 32768 minimum: 301
[   34.856823] ACPI: Core revision 20150930
[   34.954405] ACPI: 2 ACPI AML tables successfully acquired and loaded
[   35.102426] Security Framework initialized
[   35.202186] Yama: becoming mindful.
[   35.303725] AppArmor: AppArmor initialized
[   35.411170] Dentry cache hash table entries: 131072 (order: 8, 1048576 bytes)
[   35.571482] Inode-cache hash table entries: 65536 (order: 7, 524288 bytes)
[   35.755794] Mount-cache hash table entries: 2048 (order: 2, 16384 bytes)
[   35.934499] Mountpoint-cache hash table entries: 2048 (order: 2, 16384 bytes)
[   36.055867] Initializing cgroup subsys io
[   36.170550] Initializing cgroup subsys memory
[   36.251613] Initializing cgroup subsys devices
[   36.392829] Initializing cgroup subsys freezer
[   36.478037] Initializing cgroup subsys net_cls
[   36.593993] Initializing cgroup subsys perf_event
[   36.726732] Initializing cgroup subsys net_prio
[   36.806837] Initializing cgroup subsys hugetlb
[   36.926918] Initializing cgroup subsys pids
[   37.056822] mce: CPU supports 0 MCE banks
[   37.162099] Last level iTLB entries: 4KB 64, 2MB 8, 4MB 8
[   37.251854] Last level dTLB entries: 4KB 64, 2MB 0, 4MB 0, 1GB 4
[   37.327909] Spectre V2 : Mitigation: Full generic retpoline
[   37.446235] Spectre V2 : Spectre v2 / SpectreRSB mitigation: Filling RSB on context switch
[   37.701233] Speculative Store Bypass: Vulnerable
[   37.801770] Freeing SMP alternatives memory: 32K
[   37..43323] ftrace: allocating 32277 entries in 127 pages
[   37.987109] smpboot: APIC(0) Converting physical 0 to logical package 0
[   38.008948] smpboot: Max logical packages: 1
[   38.039089] x2apic enabled
[   38.040115] Switched APIC routing to physical x2apic.
[   38.044338] ..TIMER: vector=0x30 apic1=0 pin1=2 apic2=-1 pin2=-1
[  3.325942] smpboot: CPU0: Intel(R) Core(TM) i5-8250U CPU @ 1.60GHz (family: 0x6, model: 0x8e, stepping: 0xa)
[   38.663010] Performance Events: unsupported p6 CPU model 142 no PMU driver, software events only.
[   38.917492] KVM setup paravirtual spinlock
[   39.026821] x86: Booting SMP configuration:
[   39.142489] .... node  #0, CPUs:      #1
[   39.247279] kvm-clock: cpu 1, msr 0:3ffe3041, secondary cpu clock
[   39.298690] mce: CPU supports 0 MCE banks
[   39.301935] x86: Booted up 1 node, 2 CPUs
[   39.349609] smpboot: Total of 2 processors activated (7200.00 BogoMIPS)
[   39.475437] devtmpfs: initialized
[   39.524828] evm: security.selinux
[   39.611995] evm: security.SMACK64
[   39.711324] evm: security.SMACK64EXEC
[   39.804021] evm: security.SMACK64TRANSMUTE
[   39.894889] evm: security.SMACK64MMAP
[   39.974828] evm: security.ima
[   40.042129] evm: security.capability
[   40.126591] clocksource: jiffies: mask: 0xffffffff max_cycles: 0xffffffff, max_idle_ns: 7645041785100000 ns
[   40.363201] futex hash table entries: 512 (order: 3, 32768 bytes)
[   40.376583] pinctrl core: initialized pinctrl subsystem
[   40.451321] RTC time: 18:16:19, date: 02/25/19
[   40.575233] NET: Registered protocol family 16
[   40.666405] cpuidle: using governor ladder
[   40.738731] cpuidle: using governor menu
[   40.812250] PCCT header not found.
[   40.860085] ACPI: bus type PCI registered
[   40.937148] acpiphp: ACPI Hot Plug PCI Controller Driver version: 0.5
[   41.067917] PCI: Using configuration type 1 for base access
[   41.146481] ACPI: Added _OSI(Module Device)
[   41.241650] ACPI: Added _OSI(Processor Device)
[   41.317811] ACPI: Added _OSI(3.0 _SCP Extensions)
[   41.436899] ACPI: Added _OSI(Processor Aggregator Device)
[   41.567407] ACPI: Executed 1 blocks of module-level executable AML code
[   41.735997] ACPI: Interpreter enabled
[   41.800945] ACPI: (supports S0 S5)
[   41.835058] ACPI: Using IOAPIC for interrupt routing
[   41.926345] PCI: Using host bridge windows from ACPI; if necessary, use "pci=nocrs" and report a bug
[   42.132048] ACPI: PCI Root Bridge [PCI0] (domain 0000 [bus 00-ff])
[   42.231505] acpi PNP0A03:00: _OSC: OS supports [ASPM ClockPM Segments MSI]
[   42.294003] acpi PNP0A03:00: _OSC: not requesting OS control; OS requires [ExtendedConfig ASPM ClockPM MSI]
[   42.344025] acpi PNP0A03:00: fail to add MMCONFIG information, can't access extended PCI configuration space under this bridge.
[   42.435183] PCI host bridge to bus 0000:00
[   42.443434] pci_bus 0000:00: root bus resource [io  0x0000-0x0cf7 window]
[   42.444773] pci_bus 0000:00: root bus resource [io  0x0d00-0xffff window]
[   42.580865] pci_bus 0000:00: root bus resource [mem 0x000a0000-0x000bffff window]
[   42.786121] pci_bus 0000:00: root bus resource [mem 0x40000000-0xfdffffff window]
[   42.809313] pci_bus 0000:00: root bus resource [bus 00-ff]
[   42.908296] pci 0000:00:01.1: legacy IDE quirk: reg 0x10: [io  0x01f0-0x01f7]
[   43.009289] pci 0000:00:01.1: legacy IDE quirk: reg 0x14: [io  0x03f6]
[   43.128410] pci 0000:00:01.1: legacy IDE quirk: reg 0x18: [io  0x0170-0x0177]
[   43.338254] pci 0000:00:01.1: legacy IDE quirk: reg 0x1c: [io  0x0376]
[   43.517447] pci 0000:00:07.0: quirk: [io  0x4000-0x403f] claimed by PIIX4 ACPI
[   43.766669] pci 0000:00:07.0: quirk: [io  0x4100-0x410f] claimed by PIIX4 SMB
[   43.938855] ACPI: PCI Interrupt Link [LNKA] (IRQs 5 9 10 *11)
[   44.069344] ACPI: PCI Interrupt Link [LNKB] (IRQs 5 9 *10 11)
[   44.193211] ACPI: PCI Interrupt Link [LNKC] (IRQs 5 *9 10 11)
[   44.336733] ACPI: PCI Interrupt Link [LNKD] (IRQs 5 9 10 *11)
[   44.508478] ACPI: Enabled 2 GPEs in block 00 to 07
[   44.643269] vgaarb: setting as boot device: PCI:0000:00:02.0
[   44.793402] vgaarb: device added: PCI:0000:00:02.0,decodes=io+mem,owns=io+mem,locks=none
[   44.984106] vgaarb: loaded
[   45.062665] vgaarb: bridge control possible 0000:00:02.0
[   45.197068] SCSI subsystem initialized
[   45.280549] ACPI: bus type USB registered
[   45.406285] usbcore: registered new interface driver usbfs
[   45.559564] usbcore: registered new interface driver hub
[   45.732349] usbcore: registered new device driver usb
[   45.873528] PCI: Using ACPI for IRQ routing
[   45.978699] NetLabel: Initializing
[   46.081824] NetLabel:  domain hash size = 128
[   46.229350] NetLabel:  protocols = UNLABELED CIPSOv4
[   46.338632] NetLabel:  unlabeled traffic allowed by default
[   46.476459] amd_nb: Cannot enumerate AMD northbridges
[   46.635402] clocksource: Switched to clocksource kvm-clock
[   .889 ApAorAprmr lest Ebld
[ 4727911] npPnAC it  7.93] p:nPCP fnd dic
[   48.359667] clocksource: acpi_pm: mask: 0xffffff max_cycles: 0xffffff, max_idle_ns: 2085701024 ns
[   48.602502] NET: Registered protocol family 2
[   48.650831] TCP established hash table entries: 8192 (order: 4, 65536 bytes)
[   48.834290] TCP bind hash table entries: 8192 (order: 5, 131072 bytes)
[   48.993892] TCP: Hash tables configured (established 8192 bind 8192)
[   49.146631] UDP hash table entries: 512 (order: 2, 16384 bytes)
[   49.293023] UDP-Lite hash table entries: 512 (order: 2, 16384 bytes)
[   49.526314] NET: Registered protocol family 1
[   49.639490] pci 0000:00:00.0: Limiting direct PCI/PCI transfers
[   49.707804] pci 0000:00:01.0: Activating ISA DMA hang workarounds
[   49.890460] Unpacking initramfs...
[   50.250133] Freeing initrd memory: 14800K
[   50.380259] platform rtc_cmos: registered platform RTC device (no PNP device found)
[   50.610932] Scanning for low memory corruption every 60 seconds
[   50.771151] audit: initializing netlink subsys (disabled)
[   50.855856] audit: type=2000 audit(1551118549.447:1): initialized
[   50.992635] Initialise system trusted keyring
[   51.100328] HugeTLB registered 2 MB page size, pre-allocated 0 pages
[   51.286286] zbud: loaded
[   51.370257] VFS: Disk quotas dquot_6.6.0
[   51.478182] tsc: Refined TSC clocksource calibration: 1800.064 MHz
[   51.710055] clocksource: tsc: mask: 0xffffffffffffffff max_cycles: 0x19f26623e55, max_idle_ns: 440795282553 ns
[   51.710182] VFS: Dquot-cache hash table entries: 512 (order 0, 4096 bytes)
ÿ[   51.710409] squashfs: version 4.0 (2009/01/31) Phillip Lougher
[   52.021402] fuse init (API version 7.23)
[   52.021583] Key type big_key registered
[   52.021601] Allocating IMA MOK and blacklist keyrings.
[   52.021898] Key type asymmetric registered
[   52.021906] Asymmetric key parser 'x509' registered
[   52.021950] Block layer SCSI generic (bsg) driver version 0.4 loaded (major 249)
[   52.021987] io scheduler noop registered
[   52.021989] io scheduler deadline registered (default)
[   52.022029] io scheduler cfq registered
[   52.022151] pci_hotplug: PCI Hot Plug PCI Core version: 0.5
[   52.022157] pciehp: PCI Express Hot Plug Controller Driver version: 0.4
[   52.022319] ACPI: AC Adapter [AC] (on-line)
[   52.022374] input: Power Button as /devices/LNXSYSTM:00/LNXPWRBN:00/input/input0
[   52.022376] ACPI: Power Button [PWRF]
[   52.022444] input: Sleep Button as /devices/LNXSYSTM:00/LNXSLPBN:00/input/input1
[   52.022446] ACPI: Sleep Button [SLPF]
[   52.022588] GHES: HEST is not enabled!
[   52.023273] ACPI: Battery Slot [BAT0] (battery present)
[   52.023308] Serial: 8250/16550 driver, 32 ports, IRQ sharing enabled
[   52.279438] 00:02: ttyS0 at I/O 0x3f8 (irq = 4, base_baud = 115200) is a 16550A
[   52.475446] Linux agpgart interface v0.103
[   52.612831] loop: module loaded
[   52.613397] scsi host0: ata_piix
[   52.613448] scsi host1: ata_piix
[   52.613476] ata1: PATA max UDMA/33 cmd 0x1f0 ctl 0x3f6 bmdma 0xd000 irq 14
[   52.613477] ata2: PATA max UDMA/33 cmd 0x170 ctl 0x376 bmdma 0xd008 irq 15
[   52.613547] libphy: Fixed MDIO Bus: probed
[   52.613550] tun: Universal TUN/TAP device driver, 1.6
[   52.613550] tun: (C) 1999-2004 Max Krasnyansky <maxk@qualcomm.com>
[   52.613848] PPP generic driver version 2.4.2
[   52.613898] ehci_hcd: USB 2.0 'Enhanced' Host Controller (EHCI) Driver
[   52.613901] ehci-pci: EHCI PCI platform driver
[   52.613908] ehci-platform: EHCI generic platform driver
[   52.613915] ohci_hcd: USB 1.1 'Open' Host Controller (OHCI) Driver
[   52.613918] ohci-pci: OHCI PCI platform driver
[   52.613926] ohci-platform: OHCI generic platform driver
[   52.613934] uhci_hcd: USB Universal Host Controller Interface driver
[   52.613991] i8042: PNP: PS/2 Controller [PNP0303:PS2K,PNP0f03:PS2M] at 0x60,0x64 irq 1,12
[   52.614475] serio: i8042 KBD port at 0x60,0x64 irq 1
[   52.614477] serio: i8042 AUX port at 0x60,0x64 irq 12
[   52.614523] mousedev: PS/2 mouse device common for all mice
[   52.614803] rtc_cmos rtc_cmos: rtc core: registered rtc_cmos as rtc0
[   52.614863] rtc_cmos rtc_cmos: alarms up to one day, 114 bytes nvram
[   52.614869] i2c /dev entries driver
[   52.614910] device-mapper: uevent: version 1.0.3
[   52.614957] device-mapper: ioctl: 4.34.0-ioctl (2015-10-28) initialised: dm-devel@redhat.com
[   52.614974] ledtrig-cpu: registered to indicate activity on CPUs
[   52.615453] NET: Registered protocol family 10
[   52.615576] NET: Registered protocol family 17
[   52.615586] Key type dns_resolver registered
[   52.615825] registered taskstats version 1
[   52.615836] Loading compiled-in X.509 certificates
[   52.616328] Loaded X.509 cert 'Build time autogenerated kernel key: bff73e56bc0efa7435b2a24f5427674623f1be80'
[   52.616343] zswap: loaded using pool lzo/zbud
[   52.617681] Key type trusted registered
[   52.619949] Key type encrypted registered
[   52.619953] AppArmor: AppArmor sha1 policy hashing enabled
[   52.619955] ima: No TPM chip found, activating TPM-bypass!
[   52.619960] ima: Allocated hash algorithm: sha1
[   52.619970] evm: HMAC attrs: 0x1
[   52.620203]   Magic number: 7:483:292
[   52.620218] tty tty25: hash matches
[   52.731831] rtc_cmos rtc_cmos: setting system clock to 2019-02-25 18:16:31 UTC (1551118591)
[   52.731932] BIOS EDD facility v0.16 2004-Jun-25, 0 devices found
[   52.731932] EDD information not available.
[   52.732367] input: AT Translated Set 2 keyboard as /devices/platform/i8042/serio0/input/input2
[   59.325356] Freeing unused kernel memory: 1484K
[   60.391874] Write protecting the kernel read-only data: 14336k
[   60.579961] Freeing unused kernel memory: 1624K
[   60.728497] Freeing unused kernel memory: 92K
Loading, please [   60.866675] random: systemd-udevd: uninitialized urandom read (16 bytes read, 9 bits of entropy available)
wait...
startin[   60.867299] random: udevadm: uninitialized urandom read (16 bytes read, 9 bits of entropy available)
g version 229
[   60.867317] random: udevadm: uninitialized urandom read (16 bytes read, 9 bits of entropy available)
[   60.875223] random: udevadm: uninitialized urandom read (16 bytes read, 9 bits of entropy available)
[   60.875260] random: udevadm: uninitialized urandom read (16 bytes read, 9 bits of entropy available)
[   60.875388] random: udevadm: uninitialized urandom read (16 bytes read, 9 bits of entropy available)
[   60.875470] random: udevadm: uninitialized urandom read (16 bytes read, 9 bits of entropy available)
[   60.875520] random: udevadm: uninitialized urandom read (16 bytes read, 9 bits of entropy available)
[   60.875603] random: udevadm: uninitialized urandom read (16 bytes read, 9 bits of entropy available)
[   60.875651] random: udevadm: uninitialized urandom read (16 bytes read, 9 bits of entropy available)
[   63.526672] e1000: Intel(R) PRO/1000 Network Driver - version 7.3.21-k8-NAPI
[   63.655075] e1000: Copyright (c) 1999-2006 Intel Corporation.
[   63.766116] Fusion MPT base driver 3.04.20
[   63.784435] Copyright (c) 1999-2008 LSI Corporation
[   63.828855] Fusion MPT SPI Host driver 3.04.20
[   63.925111] AVX2 version of gcm_enc/dec engaged.
[   63.932607] AES CTR mode by8 optimization enabled
[   64.009630] input: ImExPS/2 Generic Explorer Mouse as /devices/platform/i8042/serio1/input/input5
[   64.351835] e1000 0000:00:03.0 eth0: (PCI:33MHz:32-bit) 02:22:14:82:b3:e3
[   64.551208] e1000 0000:00:03.0 eth0: Intel(R) PRO/1000 Network Connection
[   64.697572] e1000 0000:00:03.0 enp0s3: renamed from eth0
[   64.783867] mptbase: ioc0: Initiating bringup
[   64.924013] ioc0: LSI53C1030 A0: Capabilities={Initiator}
[   65.182811] scsi host2: ioc0: LSI53C1030 A0, FwRev=00000000h, Ports=1, MaxQ=256, IRQ=20
[   65.464387] scsi 2:0:0:0: Direct-Access     VBOX     HARDDISK         1.0  PQ: 0 ANSI: 5
[   65.532798] scsi target2:0:0: Beginning Domain Validation
[   65.664576] scsi target2:0:0: Domain Validation skipping write tests
[   66.941971] scsi target2:0:0: Ending Domain Validation
[   67.055250] scsi target2:0:0: asynchronous
[   67.092279] scsi 2:0:1:0: Direct-Access     VBOX     HARDDISK         1.0  PQ: 0 ANSI: 5
[   67.337472] scsi target2:0:1: Beginning Domain Validation
[   68.011617] scsi target2:0:1: Domain Validation skipping write tests
[   68.026189] scsi target2:0:1: Ending Domain Validation
[   68.102429] scsi target2:0:1: asynchronous
[   68.872010] sd 2:0:0:0: Attached scsi generic sg0 type 0
[   69.037525] sd 2:0:1:0: Attached scsi generic sg1 type 0
[   69.037666] sd 2:0:0:0: [sda] 20971520 512-byte logical blocks: (10.7 GB/10.0 GiB)
[   69.376381] sd 2:0:1:0: [sdb] 20480 512-byte logical blocks: (10.5 MB/10.0 MiB)
[   69.586466] sd 2:0:0:0: [sda] Write Protect is off
[   69.586638] sd 2:0:1:0: [sdb] Write Protect is off
[   69.586908] sd 2:0:1:0: [sdb] Incomplete mode parameter data
[   69.586909] sd 2:0:1:0: [sdb] Assuming drive cache: write through
[   69.590179] sd 2:0:1:0: [sdb] Attached SCSI disk
[   70.260433] sd 2:0:0:0: [sda] Incomplete mode parameter data
[   70.379374] sd 2:0:0:0: [sda] Assuming drive cache: write through
[   70.537739]  sda: sda1
[   70.618736] sd 2:0:0:0: [sda] Attached SCSI disk
Begin: Loading e[   72.215471] md: linear personality registered for level -1
ssential drivers[   72.394827] md: multipath personality registered for level -4
 ... [   72.562324] md: raid0 personality registered for level 0
[   72.679898] md: raid1 personality registered for level 1
[   72.879449] raid6: sse2x1   gen() 10144 MB/s
[   73.039480] raid6: sse2x1   xor()  8491 MB/s
[   73.243478] raid6: sse2x2   gen() 13741 MB/s
[   73.431851] raid6: sse2x2   xor()  9921 MB/s
[   73.615423] raid6: sse2x4   gen() 16027 MB/s
[   73.791951] raid6: sse2x4   xor()  9301 MB/s
[   73.984223] raid6: avx2x1   gen() 22828 MB/s
[   74.188248] raid6: avx2x2   gen() 25604 MB/s
[   74.360011] raid6: avx2x4   gen() 28285 MB/s
[   74.484440] raid6: using algorithm avx2x4 gen() 28285 MB/s
[   74.568016] raid6: using avx2x2 recovery algorithm
[   74.721911] xor: automatically using best checksumming function:
[   74.867548]    avx       : 24010.000 MB/sec
[   74.908313] async_tx: api initialized (async)
[   75.010747] md: raid6 personality registered for level 6
[   75.172654] md: raid5 personality registered for level 5
[   75.271192] md: raid4 personality registered for level 4
[   75.459105] md: raid10 personality registered for level 10
done.
Begin: Running /scripts/i[   75.645235] Btrfs loaded
nit-premount ... done.
Begin: Mounting root fil[   75.771601] EXT4-fs (sda1): INFO: recovery required on readonly filesystem
e system ... Beg[   75.927067] EXT4-fs (sda1): write access will be enabled during recovery
in: Running /scripts/local-top ... done.
Begin: Running /script[   76.168597] random: nonblocking pool is initialized
s/local-premount[   77.274725] EXT4-fs (sda1): orphan cleanup on readonly fs
 ... Scanning fo[   78.453245] EXT4-fs (sda1): 1 orphan inode deleted
r Btrfs filesyst[   79.623881] EXT4-fs (sda1): recovery complete
ems
done.
Warn[   79.659477] EXT4-fs (sda1): mounted filesystem with ordered data mode. Opts: (null)
ing: fsck not present, so skipping root file system
done.
Begin: Running /scripts/local-bottom ... done.
Begin: Running /scripts/init-bottom ... done.
[   80.026770] systemd[1]: systemd 229 running in system mode. (+PAM +AUDIT +SELINUX +IMA +APPARMOR +SMACK +SYSVINIT +UTMP +LIBCRYPTSETUP +GCRYPT +GNUTLS +ACL +XZ -LZ4 +SECCOMP +BLKID +ELFUTILS +KMOD -IDN)
[   80.547907] systemd[1]: Detected virtualization oracle.
[   80.682445] systemd[1]: Detected architecture x86-64.

Welcome to [1mUbuntu 16.04.5 LTS[0m!

[ 80299]ysmd]:etosam to butu-xia.
[  81.13] std[: stinonoual Aitoct.

[[0;32m  OK  [0m] Listening on Journal Audit Socket.
[ 82083] sstmd[1 Ltengon Jrn Soet/d/l).
[[0;32m  OK  [0m] Listening on Journal Socket (/dev/log).
[  83.883]syem1]: LieninonDece-mapper event daemon FIFOs.

[[0;32m  OK  [0m] Listening on Device-mapper event daemon FIFOs.
[   83.883119] systemd[1]: Created slice System Slice
[[0;32m  OK  [0m] Created slice System Slice.
[  83938syem[1]:reat sceysm-ri\xgey.ic
[[0;32m  OK  [0m] Created slice system-serial\x2dgetty.slice.
[ 853317] std[: steng on L2 llaen ck.
[[0;32m  OK  [0m] Listening on LVM2 poll daemon socket.
[  8.16098systmd]:Set  aomunt biar ExxecableilFoat Fle SteAumot in.
[[0;32m  OK  [0m] Set up automount Arbitrary Executab...ats File System Automount Point.
[  87.7612] ysmd]:isteni on sl Ske
[[0;32m  OK  [0m] Listening on Syslog Socket.
[ 880190 ste[1 Liseng n evKeeloct.
[[0;32m  OK  [0m] Listening on udev Kernel Socket.
[ 88646]ysmd]:taedorrdasor Reqestso llirto Wat.
[[0;32m  OK  [0m] Started Forward Password Requests to Wall Directory Watch.
[ 898695syem1] Listnig onde/initlompabityam Ppe.
[[0;32m  OK  [0m] Listening on /dev/initctl Compatibility Named Pipe.
[ 900095] syem1]Rehetaetser and ro Name oops

[[0;32m  OK  [0m] Reached target User and Group Name Lookups.
[   1.6245] syem[1 Sard igr socof da f nwokd DS.
[[0;32m  OK  [0m] Started Trigger resolvconf update for networkd DNS.
[   .5619] stemd1]Lieng  Jrnl ck.
[[0;32m  OK  [0m] Listening on Journal Socket.
[   93.235835] systemd[1]: Mounting Huge Pages File System...
         Mounting Huge Pages File System...
[   93.443749] systemd[1]: Starting Uncomplicated firewall...
         Starting Uncomplicated firewall...
[   93.636245] systemd[1]: Mounting POSIX Message Queue File System...
         Mounting POSIX Message Queue File System...
[   93278] ysem1]: Racd argt ap

[[0;32m  OK  [0m] Reached target Swap.
[   94.287999] systemd[1]: Starting Load Kernel Modules...
         Starting Load Ke[   94.314394] Loading iSCSI transport class v2.0-870.
rnel Modules...
[   94.343750] systemd[1]: Created slice User and Session Slice.
[[0;32m  OK  [0[   94.480012] iscsi: registered transport (tcp)
m] Created slice User and Session Slice.
[   94.560202] systemd[1]: Listening on LVM2 metadata daemon socket.
[[0;32m  OK  [0[   94.611494] iscsi: registered transport (iser)
m] Listening on LVM2 metadata daemon socket.
[   94.668115] systemd[1]: Mounting Debug File System...
         Mounting Debug File System...
[   94.680868] systemd[1]: Starting Nameserver information manager...
         Starting Nameserver information manager...
[   94.739729] systemd[1]: Starting Journal Service...
         Starting Journal Service...
[   9522035]syte[1]:eaedart stem TmeSyncroizd.
[[0;32m  OK  [0m] Reached target System Time Synchronized.
[ 95005]ysmd]: Reach trgetncypteVome.
[[0;32m  OK  [0m] Reached target Encrypted Volumes.
[   .6608]ysmd1] Listening on udev Control Socket.

[[0;32m  OK  [0m] Listening on udev Control Socket.
[   97.044861] systemd[1]: Starting Remount Root and Kernel File Systems...
         [   97.143859] EXT4-fs (sda1): re-mounted. Opts: (null)
Starting Remount Root and Kernel File Systems...
[   97.312149] systemd[1]: Starting Create list of required static device nodes for the current kernel...
         Starting Create list of required st... nodes for the current kernel...
[   97.697008] systemd[1]: Starting Set console keymap...
         Starting Set console keymap...
[   97.899978] systemd[1]: Starting Monitoring of LVM2 mirrors, snapshots etc. using dmeventd or progress polling...
         Starting Monitoring of LVM2 mirrors... dmeventd or progress polling...
[   981556] stmd[1: each tgeSlces.
[[0;32m  OK  [0m] Reached target Slices.
[   98.777814] systemd[1]: Mounted Debug File System.
[[0;32m  OK  [0m] Mounted Debug File System.
[  98.9410syem1]Mote HugPas Fi Ste
[[0;32m  OK  [0m] Mounted Huge Pages File System.
[   9.68109]ysmd]: MoutePOIX Mesgeue Fe stm.
[[0;32m  OK  [0m] Mounted POSIX Message Queue File System.
[ 00364]ystemd]: Sard url rve.

[[0;32m  OK  [0m] Started Journal Service.
[[0;32m  OK  [0m] Started Uncomplicated firewall.
[[0;32m  OK  [0m] Started Load Kernel Modules.
[[0;32m  OK  [0m] Started Remount Root and Kernel File Systems.
[[0;32m  OK  [0m] Started Create list of required sta...ce nodes for the current kernel.
[[0;32m  OK  [0m] Started Set console keymap.
[[0;32m  OK  [0m] Started Nameserver information manager.
[[0;32m  OK  [0m] Started LVM2 metadata daemon.
         Starting Create Static Device Nodes in /dev...
         Starting Load/Save Random Seed...
         Starting udev Coldplug all Devices...
         Starting Apply Kernel Variables...
         Mounting FUSE Control File System...
         Starting Flush Journal to Persistent Storage...
[[0;32m  OK  [0m] Mounted FUSE Control File System.
[[0;32m  OK  [0m] Started Monitoring of LVM2 mirrors,...ng dmeventd or progress polling.
[[0;32m  OK  [0m] Started Create Static Device Nodes in /dev.
[[0;32m  OK  [0m] Started Load/Save Random Seed.
[[0;32m  OK  [0m] Started Apply Kernel Variables.
[[0;32m  OK  [0m] Started udev Coldplug all Devices.
[[0;32m  OK  [0m] Started Flush Journal to Persistent Storage.
         Starting udev Kernel Device Manager...
[[0;32m  OK  [0m] Reached target Local File Systems (Pre).
[[0;32m  OK  [0m] Reached target Local File Systems.
         Starting Set console font and keymap...
         Starting LSB: AppArmor initialization...
         Starting Create Volatile Files and Directories...
         Starting Tell Plymouth To Write Out Runtime Data...
         Starting Initial cloud-init job (pre-networking)...
[[0;32m  OK  [0m] Started udev Kernel Device Manager.
[[0;32m  OK  [0m] Started Create Volatile Files and Directories.
[[0;32m  OK  [0m] Started Tell Plymouth To Write Out Runtime Data.
[[0;32m  OK  [0m] Started Set console font and keymap.
[[0;32m  OK  [0m] Found device /dev/ttyS0.
[[0;32m  OK  [0m] Listening on Load/Save RF Kill Switch Status /dev/rfkill Watch.
[[0;32m  OK  [0m] Created slice system-getty.slice.
         Starting Update UTMP about System Boot/Shutdown...
[[0;32m  OK  [0m] Started Dispatch Password Requests to Console Directory Watch.
[[0;32m  OK  [0m] Started LSB: AppArmor initialization.
[[0;32m  OK  [0m] Started Update UTMP about System Boot/Shutdown.
[   59.107854] cloud-init[644]: Cloud-init v. 18.4-0ubuntu1~16.04.2 running 'init-local' at Mon, 25 Feb 2019 18:17:23 +0000. Up 58.79 seconds.
[[0;32m  OK  [0m] Started Initial cloud-init job (pre-networking).
[[0;32m  OK  [0m] Reached target Network (Pre).
[[0;32m  OK  [0m] Started ifup for enp0s3.
         Starting Raise network interfaces...
[[0;32m  OK  [0m] Started Raise network interfaces.
[[0;32m  OK  [0m] Reached target Network.
         Starting Initial cloud-init job (metadata service crawler)...
[   60.544575] cloud-init[964]: Cloud-init v. 18.4-0ubuntu1~16.04.2 running 'init' at Mon, 25 Feb 2019 18:17:25 +0000. Up 60.21 seconds.
[   60.737038] cloud-init[964]: ci-info: ++++++++++++++++++++++++++++++++++++++Net device info++++++++++++++++++++++++++++++++++++++
[   60.896475] cloud-init[964]: ci-info: +--------+------+----------------------------+---------------+--------+-------------------+
[   60.896665] cloud-init[964]: ci-info: | Device |  Up  |          Address           |      Mask     | Scope  |     Hw-Address    |
[   60.896928] cloud-init[964]: ci-info: +--------+------+----------------------------+---------------+--------+-------------------+
[   60.897044] cloud-init[964]: ci-info: | enp0s3 | True |         10.0.2.15          | 255.255.255.0 | global | 02:22:14:82:b3:e3 |
[   60.897156] cloud-init[964]: ci-info: | enp0s3 | True | fe80::22:14ff:fe82:b3e3/64 |       .       |  link  | 02:22:14:82:b3:e3 |
[   60.897267] cloud-init[964]: ci-info: |   lo   | True |         127.0.0.1          |   255.0.0.0   |  host  |         .         |
[   60.897380] cloud-init[964]: ci-info: |   lo   | True |          ::1/128           |       .       |  host  |         .         |
[   60.897518] cloud-init[964]: ci-info: +--------+------+----------------------------+---------------+--------+-------------------+
[   60.897641] cloud-init[964]: ci-info: +++++++++++++++++++++++++++Route IPv4 info++++++++++++++++++++++++++++
[   60.897753] cloud-init[964]: ci-info: +-------+-------------+----------+---------------+-----------+-------+
[   60.897871] cloud-init[964]: ci-info: | Route | Destination | Gateway  |    Genmask    | Interface | Flags |
[   60.897984] cloud-init[964]: ci-info: +-------+-------------+----------+---------------+-----------+-------+
[   60.898095] cloud-init[964]: ci-info: |   0   |   0.0.0.0   | 10.0.2.2 |    0.0.0.0    |   enp0s3  |   UG  |
[   60.898208] cloud-init[964]: ci-info: |   1   |   10.0.2.0  | 0.0.0.0  | 255.255.255.0 |   enp0s3  |   U   |
[   60.898319] cloud-init[964]: ci-info: +-------+-------------+----------+---------------+-----------+-------+
[   60.898428] cloud-init[964]: ci-info: +++++++++++++++++++Route IPv6 info+++++++++++++++++++
[   60.898576] cloud-init[964]: ci-info: +-------+-------------+---------+-----------+-------+
[   60.898697] cloud-init[964]: ci-info: | Route | Destination | Gateway | Interface | Flags |
[   60.898810] cloud-init[964]: ci-info: +-------+-------------+---------+-----------+-------+
[   60.898920] cloud-init[964]: ci-info: |   0   |  fe80::/64  |    ::   |   enp0s3  |   U   |
[   60.899030] cloud-init[964]: ci-info: |   3   |   ff00::/8  |    ::   |   enp0s3  |   U   |
[   60.899143] cloud-init[964]: ci-info: +-------+-------------+---------+-----------+-------+
[[0;32m  OK  [0m] Started Initial cloud-init job (metadata service crawler).
[[0;32m  OK  [0m] Reached target System Initialization.
         Starting Docker Socket for the API.
[[0;32m  OK  [0m] Started Daily Cleanup of Temporary Directories.
         Starting Socket activation for snappy daemon.
[[0;32m  OK  [0m] Started Daily apt download activities.
         Starting LXD - unix socket.
[[0;32m  OK  [0m] Listening on D-Bus System Message Bus Socket.
[[0;32m  OK  [0m] Listening on ACPID Listen Socket.
[[0;32m  OK  [0m] Started ACPI Events Check.
[[0;32m  OK  [0m] Reached target Paths.
[[0;32m  OK  [0m] Listening on UUID daemon activation socket.
[[0;32m  OK  [0m] Started Daily apt upgrade and clean activities.
[[0;32m  OK  [0m] Reached target Timers.
[[0;32m  OK  [0m] Reached target Network is Online.
         Starting iSCSI initiator daemon (iscsid)...
[[0;32m  OK  [0m] Reached target Cloud-config availability.
[[0;32m  OK  [0m] Listening on Docker Socket for the API.
[[0;32m  OK  [0m] Listening on Socket activation for snappy daemon.
[[0;32m  OK  [0m] Listening on LXD - unix socket.
[[0;32m  OK  [0m] Started iSCSI initiator daemon (iscsid).
         Starting Login to default iSCSI targets...
[[0;32m  OK  [0m] Reached target Sockets.
[[0;32m  OK  [0m] Reached target Basic System.
         Starting LSB: MD monitoring daemon...
[[0;32m  OK  [0m] Started ACPI event daemon.
         Starting /etc/rc.local Compatibility...
         Starting System Logging Service...
[[0;32m  OK  [0m] Started Regular background program processing daemon.
         Starting Accounts Service...
[[0;32m  OK  [0m] Started Deferred execution scheduler.
         Starting A high performance web server and a reverse proxy server...
         Starting Login Service...
         Starting LXD - container startup/shutdown...
         Starting containerd container runtime...
[[0;32m  OK  [0m] Started Unattended Upgrades Shutdown.
[[0;32m  OK  [0m] Started FUSE filesystem for LXC.
         Starting Snappy daemon...
         Starting LSB: Record successful boot for GRUB...
         Starting OpenBSD Secure Shell server...
[[0;32m  OK  [0m] Started D-Bus System Message Bus.
         Starting Docker Application Container Engine...
         Starting Virtualbox guest utils...
[[0;32m  OK  [0m] Started System Logging Service.
[[0;32m  OK  [0m] Started Snappy daemon.
[[0;32m  OK  [0m] Started /etc/rc.local Compatibility.
[[0;32m  OK  [0m] Started LXD - container startup/shutdown.
[[0;32m  OK  [0m] Started containerd container runtime.
[[0;32m  OK  [0m] Started A high performance web server and a reverse proxy server.
[[0;32m  OK  [0m] Started OpenBSD Secure Shell server.
[[0;32m  OK  [0m] Started Login to default iSCSI targets.
[[0;32m  OK  [0m] Started LSB: MD monitoring daemon.
[[0;32m  OK  [0m] Started LSB: Record successful boot for GRUB.
[[0;32m  OK  [0m] Started Login Service.
[[0;32m  OK  [0m] Started Virtualbox guest utils.
         Starting Authenticate and Authorize Users to Run Privileged Tasks...
[[0;32m  OK  [0m] Reached target Remote File Systems (Pre).
[[0;32m  OK  [0m] Reached target Remote File Systems.
         Starting LSB: automatic crash report generation...
         Starting LSB: Start Jenkins at boot time...
         Starting LSB: Set the CPU Frequency Scaling governor to "ondemand"...
         Starting LSB: daemon to balance interrupts for SMP systems...
         Starting Permit User Sessions...
         Starting Wait until snapd is fully seeded...
[[0;32m  OK  [0m] Started Docker Application Container Engine.
[[0;32m  OK  [0m] Started Permit User Sessions.
[[0;32m  OK  [0m] Started Wait until snapd is fully seeded.
[[0;32m  OK  [0m] Started Authenticate and Authorize Users to Run Privileged Tasks.
[[0;32m  OK  [0m] Started Accounts Service.
[[0;32m  OK  [0m] Started LSB: Set the CPU Frequency Scaling governor to "ondemand".
[[0;32m  OK  [0m] Started LSB: automatic crash report generation.
[[0;32m  OK  [0m] Started LSB: daemon to balance interrupts for SMP systems.
[[0;32m  OK  [0m] Created slice User Slice of vagrant.
         Starting User Manager for UID 1000...
[[0;32m  OK  [0m] Started Session 1 of user vagrant.
         Starting Apply the settings specified in cloud-config...
         Starting Terminate Plymouth Boot Screen...
         Starting Hold until boot process finishes up...
[[0;32m  OK  [0m] Started User Manager for UID 1000.
[[0;32m  OK  [0m] Started Terminate Plymouth Boot Screen.
[[0;32m  OK  [0m] Started Hold until boot process finishes up.
[[0;32m  OK  [0m] Created slice User Slice of jenkins.
         Starting Set console scheme...
[[0;32m  OK  [0m] Started Serial Getty on ttyS0.
[   70.362213] cloud-init[1492]: Cloud-init v. 18.4-0ubuntu1~16.04.2 running 'modules:config' at Mon, 25 Feb 2019 18:17:35 +0000. Up 70.21 seconds.
[[0;32m  OK  [0m] Started Getty on tty1.
[[0;32m  OK  [0m] Reached target Login Prompts.
[[0;32m  OK  [0m] Started Apply the settings specified in cloud-config.
[[0;32m  OK  [0m] Started Set console scheme.
         Starting User Manager for UID 112...
[[0;32m  OK  [0m] Started User Manager for UID 112.
[[0;32m  OK  [0m] Started Session c1 of user jenkins.
[[0;32m  OK  [0m] Started LSB: Start Jenkins at boot time.
[[0;32m  OK  [0m] Reached target Multi-User System.
         Starting Execute cloud user/final scripts...
[[0;32m  OK  [0m] Reached target Graphical Interface.
         Starting Update UTMP about System Runlevel Changes...
[[0;32m  OK  [0m] Started Update UTMP about System Runlevel Changes.
[   72.952471] cloud-init[1608]: Cloud-init v. 18.4-0ubuntu1~16.04.2 running 'modules:final' at Mon, 25 Feb 2019 18:17:37 +0000. Up 72.78 seconds.
[   73.080452] [cloud-init[0;32m  OK  [0m[1608]: ] Cloud-init v. 18.4-0ubuntu1~16.04.2 finished at Mon, 25 Feb 2019 18:17:37 +0000. Datasource DataSourceNoCloud [seed=/dev/sdb][dsmode=net].  Up 72.94 secondsStarted Execute cloud user/final scripts.

         Starting Daily apt download activities...
[[0;32m  OK  [0m] Reached target Cloud-init target.

Ubuntu 16.04.5 LTS ubuntu-xenial ttyS0

ubuntu-xenial login: [[0;32m  OK  [0m] Started ACPI event daemon.
[[0;32m  OK  [0m] Started ACPI event daemon.
[[0;32m  OK  [0m] Started ACPI event daemon.
[  OK  ] Started ACPI event daemon.
[  OK  ] Started Trigger resolvconf update for networkd DNS.
[  OK  ] Started ACPI event daemon.
[  OK  ] Started ACPI event daemon.
[  OK  ] Started ACPI event daemon.
[  OK  ] Stopped Auto import assertions from block devices.
[  OK  ] Stopped Automatically repair incorr...ner/permissions on core devices.
[  OK  ] Stopped Wait until snapd is fully seeded.
         Stopping Snappy daemon...
[  OK  ] Stopped Automatically fetch and run repair assertions.
[  OK  ] Stopped Timer to automatically fetch and run repair assertions.
[  OK  ] Stopped Snappy daemon.
[  OK  ] Closed Socket activation for snappy daemon.
[  OK  ] Stopped Ubuntu core (all-snaps) system shutdown helper setup service.
[  OK  ] Started ACPI event daemon.
[  OK  ] Started ACPI event daemon.
[  OK  ] Started ACPI event daemon.
[  OK  ] Started ACPI event daemon.
         Stopping udev Kernel Device Manager...
[  OK  ] Stopped udev Kernel Device Manager.
         Starting udev Kernel Device Manager...
[  OK  ] Started udev Kernel Device Manager.
[  OK  ] Started ACPI event daemon.
[  OK  ] Started ACPI event daemon.
[  OK  ] Started ACPI event daemon.
         Stopping OpenBSD Secure Shell server...
[  OK  ] Stopped OpenBSD Secure Shell server.
         Starting OpenBSD Secure Shell server...
[  OK  ] Started OpenBSD Secure Shell server.
[  OK  ] Started ACPI event daemon.
         Starting Socket activation for snappy daemon.
[  OK  ] Listening on Socket activation for snappy daemon.
         Starting Wait until snapd is fully seeded...
         Starting Snappy daemon...
[  OK  ] Started Snappy daemon.
[  OK  ] Started Wait until snapd is fully seeded.
[  OK  ] Started Snappy daemon.
[  OK  ] Listening on Socket activation for snappy daemon.
[  OK  ] Started Daily apt upgrade and clean activities.
[ 7174.370933] e1000 0000:00:03.0 enp0s3: Detected Tx Unit Hang
[ 7174.370933]   Tx Queue             <0>
[ 7174.370933]   TDH                  <13>
[ 7174.370933]   TDT                  <16>
[ 7174.370933]   next_to_use          <16>
[ 7174.370933]   next_to_clean        <13>
[ 7174.370933] buffer_info[next_to_clean]
[ 7174.370933]   time_stamp           <1001a0b6c>
[ 7174.370933]   next_to_watch        <15>
[ 7174.370933]   jiffies              <1001a0d67>
[ 7174.370933]   next_to_watch.status <0>
[ 7176.377750] e1000 0000:00:03.0 enp0s3: Detected Tx Unit Hang
[ 7176.377750]   Tx Queue             <0>
[ 7176.377750]   TDH                  <13>
[ 7176.377750]   TDT                  <16>
[ 7176.377750]   next_to_use          <16>
[ 7176.377750]   next_to_clean        <13>
[ 7176.377750] buffer_info[next_to_clean]
[ 7176.377750]   time_stamp           <1001a0b6c>
[ 7176.377750]   next_to_watch        <15>
[ 7176.377750]   jiffies              <1001a0f5d>
[ 7176.377750]   next_to_watch.status <0>
[ 7178.390784] e1000 0000:00:03.0 enp0s3: Detected Tx Unit Hang
[ 7178.390784]   Tx Queue             <0>
[ 7178.390784]   TDH                  <13>
[ 7178.390784]   TDT                  <16>
[ 7178.390784]   next_to_use          <16>
[ 7178.390784]   next_to_clean        <13>
[ 7178.390784] buffer_info[next_to_clean]
[ 7178.390784]   time_stamp           <1001a0b6c>
[ 7178.390784]   next_to_watch        <15>
[ 7178.390784]   jiffies              <1001a1154>
[ 7178.390784]   next_to_watch.status <0>
[ 7179.812669] e1000 0000:00:03.0 enp0s3: Reset adapter
[ 8015.855629] e1000 0000:00:03.0 enp0s3: Detected Tx Unit Hang
[ 8015.855629]   Tx Queue             <0>
[ 8015.855629]   TDH                  <ed>
[ 8015.855629]   TDT                  <f0>
[ 8015.855629]   next_to_use          <f0>
[ 8015.855629]   next_to_clean        <ed>
[ 8015.855629] buffer_info[next_to_clean]
[ 8015.855629]   time_stamp           <1001d3fbc>
[ 8015.855629]   next_to_watch        <ef>
[ 8015.855629]   jiffies              <1001d432a>
[ 8015.855629]   next_to_watch.status <0>
[ 8017.717746] e1000 0000:00:03.0 enp0s3: Reset adapter
[10062.333617] e1000 0000:00:03.0 enp0s3: Detected Tx Unit Hang
[10062.333617]   Tx Queue             <0>
[10062.333617]   TDH                  <f0>
[10062.333617]   TDT                  <f3>
[10062.333617]   next_to_use          <f3>
[10062.333617]   next_to_clean        <f0>
[10062.333617] buffer_info[next_to_clean]
[10062.333617]   time_stamp           <100250ee0>
[10062.333617]   next_to_watch        <f2>
[10062.333617]   jiffies              <1002511ae>
[10062.333617]   next_to_watch.status <0>
[10064.709368] e1000 0000:00:03.0 enp0s3: Reset adapter
[10315.473945] e1000 0000:00:03.0 enp0s3: Detected Tx Unit Hang
[10315.473945]   Tx Queue             <0>
[10315.473945]   TDH                  <c3>
[10315.473945]   TDT                  <c7>
[10315.473945]   next_to_use          <c7>
[10315.473945]   next_to_clean        <c3>
[10315.473945] buffer_info[next_to_clean]
[10315.473945]   time_stamp           <1002605f2>
[10315.473945]   next_to_watch        <c6>
[10315.473945]   jiffies              <1002608e3>
[10315.473945]   next_to_watch.status <0>
[10318.532403] e1000 0000:00:03.0 enp0s3: Detected Tx Unit Hang
[10318.532403]   Tx Queue             <0>
[10318.532403]   TDH                  <c3>
[10318.532403]   TDT                  <c7>
[10318.532403]   next_to_use          <c7>
[10318.532403]   next_to_clean        <c3>
[10318.532403] buffer_info[next_to_clean]
[10318.532403]   time_stamp           <1002605f2>
[10318.532403]   next_to_watch        <c6>
[10318.532403]   jiffies              <100260bdf>
[10318.532403]   next_to_watch.status <0>
[10320.814029] e1000 0000:00:03.0 enp0s3: Detected Tx Unit Hang
[10320.814029]   Tx Queue             <0>
[10320.814029]   TDH                  <c3>
[10320.814029]   TDT                  <c7>
[10320.814029]   next_to_use          <c7>
[10320.814029]   next_to_clean        <c3>
[10320.814029] buffer_info[next_to_clean]
[10320.814029]   time_stamp           <1002605f2>
[10320.814029]   next_to_watch        <c6>
[10320.814029]   jiffies              <100260e1a>
[10320.814029]   next_to_watch.status <0>
[10321.850957] e1000 0000:00:03.0 enp0s3: Reset adapter
